<html>
<body>
<pre>
<h1>礦ision Build Log</h1>
<h2>Project:</h2>
D:\产品资料\11.DIY PS2无线遥控控制方案\智能车机器人无线控制STM32版本\3.控制源码及实际应用案例\3.综合实例二 安卓APP蓝牙以及WIFI控制电机舵机实验\2.安卓APP蓝牙以及WIFI控制源码\安卓蓝牙APP以及WIFI控制STM32源码\Car_control.uvproj
Project File Date:  05/30/2017

<h2>Output:</h2>
Build target 'Car_control'
compiling core_cm3.c...
assembling startup_stm32f10x_md.s...
compiling misc.c...
Project build/rebuild aborted.
Target not created
Build target 'Car_control'
compiling core_cm3.c...
assembling startup_stm32f10x_md.s...
compiling misc.c...
compiling stm32f10x_adc.c...
compiling stm32f10x_bkp.c...
compiling stm32f10x_can.c...
compiling stm32f10x_cec.c...
compiling stm32f10x_crc.c...
compiling stm32f10x_dac.c...
compiling stm32f10x_dbgmcu.c...
compiling stm32f10x_dma.c...
compiling stm32f10x_exti.c...
compiling stm32f10x_flash.c...
compiling stm32f10x_fsmc.c...
compiling stm32f10x_gpio.c...
compiling stm32f10x_i2c.c...
compiling stm32f10x_iwdg.c...
compiling stm32f10x_pwr.c...
compiling stm32f10x_rcc.c...
compiling stm32f10x_rtc.c...
compiling stm32f10x_sdio.c...
compiling stm32f10x_spi.c...
compiling stm32f10x_tim.c...
compiling stm32f10x_usart.c...
compiling stm32f10x_wwdg.c...
compiling beep.c...
HARDWARE\Beep\beep.c(33): warning:  #1-D: last line of file ends without a newline
compiling common.c...
compiling led.c...
compiling Motor.c...
compiling servor.c...
compiling timer.c...
compiling main.c...
compiling stm32f10x_it.c...
compiling system_stm32f10x.c...
compiling online.c...
Online\online.c(358): warning:  #68-D: integer conversion resulted in a change of sign
Online\online.c(379): warning:  #68-D: integer conversion resulted in a change of sign
Online\online.c(399): warning:  #68-D: integer conversion resulted in a change of sign
Online\online.c(411): warning:  #514-D: pointless comparison of unsigned integer with a negative constant
Online\online.c(411): warning:  #514-D: pointless comparison of unsigned integer with a negative constant
Online\online.c(415): warning:  #186-D: pointless comparison of unsigned integer with zero
Online\online.c(429): warning:  #514-D: pointless comparison of unsigned integer with a negative constant
Online\online.c(429): warning:  #514-D: pointless comparison of unsigned integer with a negative constant
Online\online.c(441): warning:  #186-D: pointless comparison of unsigned integer with zero
Online\online.c(458): warning:  #514-D: pointless comparison of unsigned integer with a negative constant
Online\online.c(458): warning:  #514-D: pointless comparison of unsigned integer with a negative constant
Online\online.c(488): warning:  #223-D: function "Motor_En" declared implicitly
Online\online.c(490): warning:  #223-D: function "Motor_Forward" declared implicitly
Online\online.c(495): warning:  #223-D: function "Motor_En" declared implicitly
Online\online.c(497): warning:  #223-D: function "Motor_Backward" declared implicitly
Online\online.c(502): warning:  #223-D: function "Motor_En" declared implicitly
Online\online.c(504): warning:  #223-D: function "Motor_Forward" declared implicitly
Online\online.c(505): warning:  #223-D: function "Motor_Backward" declared implicitly
Online\online.c(509): warning:  #223-D: function "Motor_En" declared implicitly
Online\online.c(511): warning:  #223-D: function "Motor_Forward" declared implicitly
Online\online.c(512): warning:  #223-D: function "Motor_Backward" declared implicitly
Online\online.c(516): warning:  #223-D: function "Motor_UEn" declared implicitly
Online\online.c(518): warning:  #223-D: function "Motor_Stop" declared implicitly
compiling delay.c...
compiling sys.c...
compiling usart.c...
linking...
.\Output\Car_control.axf: Error: L6200E: Symbol ASC_To_Valu multiply defined (by online.o and common.o).
Target not created
Build target 'Car_control'
compiling main.c...
USER\main.c(53): warning:  #223-D: function "App_control_car" declared implicitly
compiling online.c...
Online\online.c(358): warning:  #68-D: integer conversion resulted in a change of sign
Online\online.c(379): warning:  #68-D: integer conversion resulted in a change of sign
Online\online.c(399): warning:  #68-D: integer conversion resulted in a change of sign
Online\online.c(411): warning:  #514-D: pointless comparison of unsigned integer with a negative constant
Online\online.c(411): warning:  #514-D: pointless comparison of unsigned integer with a negative constant
Online\online.c(415): warning:  #186-D: pointless comparison of unsigned integer with zero
Online\online.c(429): warning:  #514-D: pointless comparison of unsigned integer with a negative constant
Online\online.c(429): warning:  #514-D: pointless comparison of unsigned integer with a negative constant
Online\online.c(441): warning:  #186-D: pointless comparison of unsigned integer with zero
Online\online.c(458): warning:  #514-D: pointless comparison of unsigned integer with a negative constant
Online\online.c(458): warning:  #514-D: pointless comparison of unsigned integer with a negative constant
linking...
.\Output\Car_control.axf: Error: L6200E: Symbol ASC_To_Valu multiply defined (by online.o and common.o).
Target not created
Build target 'Car_control'
compiling online.c...
Online\online.c(341): warning:  #68-D: integer conversion resulted in a change of sign
Online\online.c(362): warning:  #68-D: integer conversion resulted in a change of sign
Online\online.c(382): warning:  #68-D: integer conversion resulted in a change of sign
Online\online.c(394): warning:  #514-D: pointless comparison of unsigned integer with a negative constant
Online\online.c(394): warning:  #514-D: pointless comparison of unsigned integer with a negative constant
Online\online.c(398): warning:  #186-D: pointless comparison of unsigned integer with zero
Online\online.c(412): warning:  #514-D: pointless comparison of unsigned integer with a negative constant
Online\online.c(412): warning:  #514-D: pointless comparison of unsigned integer with a negative constant
Online\online.c(424): warning:  #186-D: pointless comparison of unsigned integer with zero
Online\online.c(441): warning:  #514-D: pointless comparison of unsigned integer with a negative constant
Online\online.c(441): warning:  #514-D: pointless comparison of unsigned integer with a negative constant
linking...
.\Output\Car_control.axf: Error: L6218E: Undefined symbol App_control_car (referred from main.o).
Target not created
Build target 'Car_control'
compiling main.c...
USER\main.c(54): warning:  #223-D: function "App_control_car" declared implicitly
compiling usart.c...
SYSTEM\usart\usart.c(230): warning:  #174-D: expression has no effect
SYSTEM\usart\usart.c(263): warning:  #167-D: argument of type "u8 *" is incompatible with parameter of type "const char *"
linking...
Program Size: Code=13300 RO-data=540 RW-data=136 ZI-data=1832  
".\Output\Car_control.axf" - 0 Error(s), 3 Warning(s).
Build target 'Car_control'
compiling servor.c...
compiling main.c...
compiling stm32f10x_it.c...
compiling online.c...
Online\online.c(341): warning:  #68-D: integer conversion resulted in a change of sign
Online\online.c(362): warning:  #68-D: integer conversion resulted in a change of sign
Online\online.c(382): warning:  #68-D: integer conversion resulted in a change of sign
Online\online.c(394): warning:  #514-D: pointless comparison of unsigned integer with a negative constant
Online\online.c(394): warning:  #514-D: pointless comparison of unsigned integer with a negative constant
Online\online.c(398): warning:  #186-D: pointless comparison of unsigned integer with zero
Online\online.c(412): warning:  #514-D: pointless comparison of unsigned integer with a negative constant
Online\online.c(412): warning:  #514-D: pointless comparison of unsigned integer with a negative constant
Online\online.c(424): warning:  #186-D: pointless comparison of unsigned integer with zero
Online\online.c(441): warning:  #514-D: pointless comparison of unsigned integer with a negative constant
Online\online.c(441): warning:  #514-D: pointless comparison of unsigned integer with a negative constant
compiling usart.c...
SYSTEM\usart\usart.c(230): warning:  #174-D: expression has no effect
SYSTEM\usart\usart.c(263): warning:  #167-D: argument of type "u8 *" is incompatible with parameter of type "const char *"
linking...
Program Size: Code=13300 RO-data=540 RW-data=136 ZI-data=1832  
".\Output\Car_control.axf" - 0 Error(s), 13 Warning(s).
Build target 'Car_control'
compiling online.c...
Online\online.c(341): warning:  #68-D: integer conversion resulted in a change of sign
Online\online.c(362): warning:  #68-D: integer conversion resulted in a change of sign
Online\online.c(382): warning:  #68-D: integer conversion resulted in a change of sign
Online\online.c(394): warning:  #514-D: pointless comparison of unsigned integer with a negative constant
Online\online.c(394): warning:  #514-D: pointless comparison of unsigned integer with a negative constant
Online\online.c(398): warning:  #186-D: pointless comparison of unsigned integer with zero
Online\online.c(412): warning:  #514-D: pointless comparison of unsigned integer with a negative constant
Online\online.c(412): warning:  #514-D: pointless comparison of unsigned integer with a negative constant
Online\online.c(424): warning:  #186-D: pointless comparison of unsigned integer with zero
Online\online.c(441): warning:  #514-D: pointless comparison of unsigned integer with a negative constant
Online\online.c(441): warning:  #514-D: pointless comparison of unsigned integer with a negative constant
compiling usart.c...
SYSTEM\usart\usart.c(263): warning:  #167-D: argument of type "u8 *" is incompatible with parameter of type "const char *"
linking...
Program Size: Code=13300 RO-data=540 RW-data=136 ZI-data=1832  
".\Output\Car_control.axf" - 0 Error(s), 12 Warning(s).
Build target 'Car_control'
compiling online.c...
linking...
Program Size: Code=13004 RO-data=540 RW-data=136 ZI-data=1832  
".\Output\Car_control.axf" - 0 Error(s), 0 Warning(s).
Build target 'Car_control'
linking...
Program Size: Code=13004 RO-data=540 RW-data=136 ZI-data=1832  
".\Output\Car_control.axf" - 0 Error(s), 0 Warning(s).
Build target 'Car_control'
linking...
Program Size: Code=13004 RO-data=540 RW-data=136 ZI-data=1832  
".\Output\Car_control.axf" - 0 Error(s), 0 Warning(s).
Build target 'Car_control'
linking...
Program Size: Code=13004 RO-data=540 RW-data=136 ZI-data=1832  
".\Output\Car_control.axf" - 0 Error(s), 0 Warning(s).
Build target 'Car_control'
linking...
Program Size: Code=13004 RO-data=540 RW-data=136 ZI-data=1832  
".\Output\Car_control.axf" - 0 Error(s), 0 Warning(s).
