<html>
<body>
<pre>
<h1>µVision Build Log</h1>
<h2>Tool Versions:</h2>
IDE-Version: ¦ÌVision V5.33.0.0
Copyright (C) 2020 ARM Ltd and ARM Germany GmbH. All rights reserved.
License Information: GUO LD, BFYD, LIC=EPPLQ-NLBUD-UMA9A-1KSD2-63JTP-PGMZ4
 
Tool Versions:
Toolchain:       MDK-ARM Professional  Version: 5.33.0.0
Toolchain Path:  E:\Keil_v5\ARM\ARMCC\Bin
C Compiler:      Armcc.exe V5.06 update 7 (build 960)
Assembler:       Armasm.exe V5.06 update 7 (build 960)
Linker/Locator:  ArmLink.exe V5.06 update 7 (build 960)
Library Manager: ArmAr.exe V5.06 update 7 (build 960)
Hex Converter:   FromElf.exe V5.06 update 7 (build 960)
CPU DLL:         SARMCM3.DLL V5.33.0.0
Dialog DLL:      DARMSTM.DLL V1.68.0.0
Target DLL:      UL2CM3.DLL V1.163.9.0
Dialog DLL:      TARMSTM.DLL V1.66.0.0
 
<h2>Project:</h2>
C:\Users\Administrator.PC-20150328TPZY\Desktop\PS2_WiFi_BT_JAC\Car_control.uvproj
Project File Date:  03/04/2021

<h2>Output:</h2>
*** Using Compiler 'V5.06 update 7 (build 960)', folder: 'E:\Keil_v5\ARM\ARMCC\Bin'
Rebuild target 'Car_control'
assembling startup_stm32f10x_md.s...
compiling core_cm3.c...
compiling misc.c...
compiling stm32f10x_bkp.c...
compiling stm32f10x_adc.c...
compiling stm32f10x_can.c...
compiling stm32f10x_crc.c...
compiling stm32f10x_cec.c...
compiling stm32f10x_dbgmcu.c...
compiling stm32f10x_dma.c...
compiling stm32f10x_dac.c...
compiling stm32f10x_flash.c...
compiling stm32f10x_exti.c...
compiling stm32f10x_fsmc.c...
compiling stm32f10x_i2c.c...
compiling stm32f10x_iwdg.c...
compiling stm32f10x_gpio.c...
compiling stm32f10x_pwr.c...
compiling stm32f10x_rcc.c...
compiling stm32f10x_rtc.c...
compiling stm32f10x_tim.c...
compiling stm32f10x_spi.c...
compiling stm32f10x_sdio.c...
compiling stm32f10x_usart.c...
compiling stm32f10x_wwdg.c...
compiling beep.c...
compiling common.c...
compiling led.c...
compiling Motor.c...
compiling servor.c...
compiling main.c...
compiling timer.c...
compiling Ps2.c...
compiling stm32f10x_it.c...
compiling system_stm32f10x.c...
compiling online.c...
compiling delay.c...
compiling usart.c...
SYSTEM\usart\usart.c(260): warning:  #167-D: argument of type "u8 *" is incompatible with parameter of type "const char *"
  	  App_control(USART_RX_BUF);
SYSTEM\usart\usart.c: 1 warning, 0 errors
compiling sys.c...
linking...
Program Size: Code=15468 RO-data=540 RW-data=216 ZI-data=1848  
FromELF: creating hex file...
".\Output\Car_control.axf" - 0 Error(s), 1 Warning(s).
Build Time Elapsed:  00:00:09
</pre>
</body>
</html>
